
8035/8048 Cross-assembler, MAC48 Y01.01,             00:00:00  Page    1


  LOC  OBJ	   SEQ		SOURSE STATEMENT

    0020              1 SEND    EQU     20H
    0021              2 REQ     EQU     21H
    0022              3 ASAVE   EQU     22H
    0023              4 SND     EQU     23H
    0030              5 KEYS    EQU     30H
                      6 
    0005              7 DIV     EQU     05H
                      8 
    0000              9         ORG     0
  0000 15            10         DIS     I
  0001 04DF          11         JMP     MAIN
                     12 
                     13 
                     14 
                     15 ;; interrupt
                     16 ;; R2 - rxpc
                     17 ;; R3 - txpc
                     18 ;; R4 - rxcnt
                     19 ;; R5 - rxch
                     20 ;; R6 - txcnt
                     21 ;; R7 - txch
                     22 
                     23 
    0003             24         ORG     3H
  0003 15            25 SIO:    DIS     I
  0004 D5            26         SEL     RB1
  0005 0409          27         JMP     SIO1
                     28 
    0007             29         ORG     7H
  0007 04C4          30         JMP     TIME
                     31 
  0009 B822          32 SIO1:   MOV     R0,#ASAVE
  000B A0            33         MOV     @R0,A
                     34 
  000C FA            35 SLOOP:  MOV     A,R2
  000D B3            36         JMPP    @A
  000E 14            37 RFR:    DB      RFREE
  000F 2C            38 RSR:    DB      RSTR
  0010 3A            39 RWA:    DB      RWTA
  0011 3E            40 RWB:    DB      RWTB
  0012 48            41 RDT:    DB      RDAT
  0013 55            42 RST:    DB      RSTP
                     43 
  0014 8628          44 RFREE:  JNI     RFREE1
  0016 00            45 RFREE2: NOP             ;; 2
  0017 00            46         NOP             ;; 3
  0018 00            47 RFREE4: NOP             ;; 4
  0019 00            48       